
================================================================================
CFI 事件 #1 - ✓
跳转类型: RET (3)
事件时间: 18204369770301 ns
事件CPU: 10
事件PID: 68364
================================================================================

📋 CFI 条目信息:
  • 源地址(CFI表): 0x0000000000001346
  • 源函数地址: 0x0000000000000000
  • 目标地址(CFI表): 0x0000000000000000
  • 源函数: a01_setup
  • 目标函数: 

🔄 运行时信息:
  • 运行时源偏移: 0x0000000000001346
  • 运行时目标偏移: 0x0000000000000000
  • 预期目标地址: (间接跳转无静态目标)
  • 运行时指令指针(IP/RIP): 0x00007aeffe3ed346
  • 模块加载基址(module_base): 0x00007aeffe3ec000

💻 指令信息 (来自CSV):
  • 指令长度: 1 字节
  • 指令内容: ret
  • 指令字节: c3
  • CSV第一个字节: c3
  • 原始第一个字节: 0xcc (注: 0xcc=INT3 是 uprobe 断点机制所致)
  • 原始指令字节: cc cc 0f 1e fa 55 48 89 e5 48 83 ec 10 48 8d 05

  🔧 单字节指令: c3

🎯 【根据 CSV 第一字节计算目标地址】
  • 使用的操作码: 0xc3
  • dst_offset 无效，无法计算返回地址
  🎯 最终计算结果: 未计算

📝 寄存器状态:
  • RAX: 0x00007aeffe3ed299 (返回值/间接跳转目标)
  • RCX: 0x0000000000000000
  • RDX: 0x0000000000000001
  • RBX: 0x0000000000000000
  • RSP: 0x00007aefefefe838 (栈指针)
  • RBP: 0x00007aefefefe850 (帧指针)
  • RSI: 0x00007aeffe3ee075
  • RDI: 0x00007aeffee05710
  • 保存的 RAX (trace_rax): 0x0000000000000000
  • 保存的 RAX (trace_rsp): 0x00007aeffe3ed367

🔍 跳转分析:
  • 返回指令
  • 返回地址: 0x00007aeffe3ed367
  • 模块范围: [0x00007aeffe3ec000, 0x00007aefff3ec000]

✅ 验证结果:
  ✓ 此跳转符合CFI规则

🔐 上下文敏感CFI (train模式, 方法=无(无上下文)):
  • 调用栈哈希(CS): 0x017df9c6231c3733
  • 指针起源(Origin): 0x0000000000000000

--------------------------------------------------------------------------------

================================================================================
CFI 事件 #2 - ✗ VIOLATION
跳转类型: INDIRECT_CALL (4)
事件时间: 18204369806482 ns
事件CPU: 10
事件PID: 68364
================================================================================

📋 CFI 条目信息:
  • 源地址(CFI表): 0x000000000000138c
  • 源函数地址: 0x0000000000000000
  • 目标地址(CFI表): 0x0000000000000000
  • 源函数: attack_01
  • 目标函数: 

🔄 运行时信息:
  • 运行时源偏移: 0x000000000000138c
  • 运行时目标偏移: 0x0000000000000000
  • 预期目标地址: (间接跳转无静态目标)
  • 运行时指令指针(IP/RIP): 0x00007aeffe3ed38c
  • 模块加载基址(module_base): 0x00007aeffe3ec000

💻 指令信息 (来自CSV):
  • 指令长度: 2 字节
  • 指令内容: call *%rax
  • 指令字节: ff d0
  • CSV第一个字节: ff
  • 原始第一个字节: 0xcc (注: 0xcc=INT3 是 uprobe 断点机制所致)
  • 原始指令字节: cc d0 90 c9 cc cc 0f 1e fa 55 48 89 e5 48 83 ec

  🔧 合成指令 (CSV第一个字节 + 原始字节后1字节):
     指令字节: ff d0
     反汇编结果: call rax
         目标偏移: 0x23
         目标绝对地址: 0x7aeffe3ec023
         ✗ 与CFI预期目标不一致 (预期: 0x0)

🎯 【根据 CSV 第一字节计算目标地址】
  • 使用的操作码: 0xff
  • 间接跳转/调用目标 (rax): 0x00007aeffe3ed299
  🎯 最终计算结果: ✓ 在模块内

📝 寄存器状态:
  • RAX: 0x00007aeffe3ed299 (返回值/间接跳转目标)
  • RCX: 0x0000000000000000
  • RDX: 0x0000000000000001
  • RBX: 0x0000000000000000
  • RSP: 0x00007aefefefe840 (栈指针)
  • RBP: 0x00007aefefefe850 (帧指针)
  • RSI: 0x00007aeffe3ee075
  • RDI: 0x00007aeffee05710
  • 保存的 RAX (trace_rax): 0x0000000000000000
  • 保存的 RAX (trace_rsp): 0x0000000000000000

🔍 跳转分析:
  • 间接跳转指令
  • RAX中的目标: 0x00007aeffe3ed299
  • CFI预期目标: 0x0000000000000000
    └─ 目标是否在模块内: 是

✅ 验证结果:
  ✗ 此跳转违反CFI规则
  🔴 可能的原因:

🔐 上下文敏感CFI (train模式, 方法=无(无上下文)):
  • 调用栈哈希(CS): 0x017df9c6231c3733
  • 指针起源(Origin): 0x0000000000000000
  📝 CS训练: 记录 (hash=0x17df9c6231c3733, offset=0x138c) → 0x1299 [集合大小=1]

--------------------------------------------------------------------------------

================================================================================
CFI 事件 #3 - ✓
跳转类型: RET (3)
事件时间: 18204369813671 ns
事件CPU: 10
事件PID: 68364
================================================================================

📋 CFI 条目信息:
  • 源地址(CFI表): 0x00000000000012b2
  • 源函数地址: 0x0000000000000000
  • 目标地址(CFI表): 0x0000000000000000
  • 源函数: legit_a
  • 目标函数: 

🔄 运行时信息:
  • 运行时源偏移: 0x00000000000012b2
  • 运行时目标偏移: 0x0000000000000000
  • 预期目标地址: (间接跳转无静态目标)
  • 运行时指令指针(IP/RIP): 0x00007aeffe3ed2b2
  • 模块加载基址(module_base): 0x00007aeffe3ec000

💻 指令信息 (来自CSV):
  • 指令长度: 1 字节
  • 指令内容: ret
  • 指令字节: c3
  • CSV第一个字节: c3
  • 原始第一个字节: 0xcc (注: 0xcc=INT3 是 uprobe 断点机制所致)
  • 原始指令字节: cc cc 0f 1e fa 55 48 89 e5 48 8d 05 4a 0d 00 00

  🔧 单字节指令: c3

🎯 【根据 CSV 第一字节计算目标地址】
  • 使用的操作码: 0xc3
  • dst_offset 无效，无法计算返回地址
  🎯 最终计算结果: 未计算

📝 寄存器状态:
  • RAX: 0x000000000000000c (返回值/间接跳转目标)
  • RCX: 0x0000000000000000
  • RDX: 0x0000000000000001
  • RBX: 0x0000000000000000
  • RSP: 0x00007aefefefe838 (栈指针)
  • RBP: 0x00007aefefefe850 (帧指针)
  • RSI: 0x5d415b203e2d2020
  • RDI: 0x00007aeffee05710
  • 保存的 RAX (trace_rax): 0x0000000000000000
  • 保存的 RAX (trace_rsp): 0x00007aeffe3ed38e

🔍 跳转分析:
  • 返回指令
  • 返回地址: 0x00007aeffe3ed38e
  • 模块范围: [0x00007aeffe3ec000, 0x00007aefff3ec000]

✅ 验证结果:
  ✓ 此跳转符合CFI规则

🔐 上下文敏感CFI (train模式, 方法=无(无上下文)):
  • 调用栈哈希(CS): 0x82e709e63047de45
  • 指针起源(Origin): 0x0000000000000000

--------------------------------------------------------------------------------

================================================================================
CFI 事件 #4 - ✓
跳转类型: RET (3)
事件时间: 18204369816890 ns
事件CPU: 10
事件PID: 68364
================================================================================

📋 CFI 条目信息:
  • 源地址(CFI表): 0x0000000000001390
  • 源函数地址: 0x0000000000000000
  • 目标地址(CFI表): 0x0000000000000000
  • 源函数: attack_01
  • 目标函数: 

🔄 运行时信息:
  • 运行时源偏移: 0x0000000000001390
  • 运行时目标偏移: 0x0000000000000000
  • 预期目标地址: (间接跳转无静态目标)
  • 运行时指令指针(IP/RIP): 0x00007aeffe3ed390
  • 模块加载基址(module_base): 0x00007aeffe3ec000

💻 指令信息 (来自CSV):
  • 指令长度: 1 字节
  • 指令内容: ret
  • 指令字节: c3
  • CSV第一个字节: c3
  • 原始第一个字节: 0xcc (注: 0xcc=INT3 是 uprobe 断点机制所致)
  • 原始指令字节: cc cc 0f 1e fa 55 48 89 e5 48 83 ec 20 64 48 8b

  🔧 单字节指令: c3

🎯 【根据 CSV 第一字节计算目标地址】
  • 使用的操作码: 0xc3
  • dst_offset 无效，无法计算返回地址
  🎯 最终计算结果: 未计算

📝 寄存器状态:
  • RAX: 0x000000000000000c (返回值/间接跳转目标)
  • RCX: 0x0000000000000000
  • RDX: 0x0000000000000001
  • RBX: 0x0000000000000000
  • RSP: 0x00007aefefefe858 (栈指针)
  • RBP: 0x00007aefefefe870 (帧指针)
  • RSI: 0x5d415b203e2d2020
  • RDI: 0x00007aeffee05710
  • 保存的 RAX (trace_rax): 0x0000000000000000
  • 保存的 RAX (trace_rsp): 0x00007aeffe3ed71e

🔍 跳转分析:
  • 返回指令
  • 返回地址: 0x00007aeffe3ed71e
  • 模块范围: [0x00007aeffe3ec000, 0x00007aefff3ec000]

✅ 验证结果:
  ✓ 此跳转符合CFI规则

🔐 上下文敏感CFI (train模式, 方法=无(无上下文)):
  • 调用栈哈希(CS): 0x82e709e63047de45
  • 指针起源(Origin): 0x0000000000000000

--------------------------------------------------------------------------------

================================================================================
CFI 事件 #5 - ✓
跳转类型: RET (3)
事件时间: 18204369820435 ns
事件CPU: 10
事件PID: 68364
================================================================================

📋 CFI 条目信息:
  • 源地址(CFI表): 0x000000000000177e
  • 源函数地址: 0x0000000000000000
  • 目标地址(CFI表): 0x0000000000000000
  • 源函数: run_safe
  • 目标函数: 

🔄 运行时信息:
  • 运行时源偏移: 0x000000000000177e
  • 运行时目标偏移: 0x0000000000000000
  • 预期目标地址: (间接跳转无静态目标)
  • 运行时指令指针(IP/RIP): 0x00007aeffe3ed77e
  • 模块加载基址(module_base): 0x00007aeffe3ec000

💻 指令信息 (来自CSV):
  • 指令长度: 1 字节
  • 指令内容: ret
  • 指令字节: c3
  • CSV第一个字节: c3
  • 原始第一个字节: 0xcc (注: 0xcc=INT3 是 uprobe 断点机制所致)
  • 原始指令字节: cc cc 0f 1e fa 55 48 89 e5 48 83 ec 10 c7 45 fc

  🔧 单字节指令: c3

🎯 【根据 CSV 第一字节计算目标地址】
  • 使用的操作码: 0xc3
  • dst_offset 无效，无法计算返回地址
  🎯 最终计算结果: 未计算

📝 寄存器状态:
  • RAX: 0x000000000000001a (返回值/间接跳转目标)
  • RCX: 0x0000000000000000
  • RDX: 0x0000000000000000
  • RBX: 0x0000000000000000
  • RSP: 0x00007aefefefe878 (栈指针)
  • RBP: 0x00007aefefefe880 (帧指针)
  • RSI: 0x00007aeffee045c0
  • RDI: 0x00007aefefefe660
  • 保存的 RAX (trace_rax): 0x0000000000000000
  • 保存的 RAX (trace_rsp): 0x00007aeffee1eb16

🔍 跳转分析:
  • 返回指令
  • 返回地址: 0x00007aeffee1eb16
  • 模块范围: [0x00007aeffe3ec000, 0x00007aefff3ec000]

✅ 验证结果:
  ✓ 此跳转符合CFI规则

🔐 上下文敏感CFI (train模式, 方法=无(无上下文)):
  • 调用栈哈希(CS): 0x82e709e63047de45
  • 指针起源(Origin): 0x0000000000000000

--------------------------------------------------------------------------------

======================================================================
[三层DFI保护] L3 (ptr load)  site_id=15  func=attack_01
======================================================================
  📍 指令偏移:      0x0000000000001388
  📝 寄存器/内存值:  0x00007aeffe3ed299
  🎯 间接跳转目标:  0x00007aeffe3ed299
      🔍 **(内存) → 目标地址
  ⏱️  时间戳:       18204369802255 ns
  💻 CPU:           10
  🆔 PID:           68364
──────────────────────────────────────────────────────────────────────

======================================================================
[三层DFI保护] L1 (call/jmp target)  site_id=15  func=attack_01
======================================================================
  📍 指令偏移:      0x000000000000138c
  📝 寄存器/内存值:  0x00007aeffe3ed299
  🎯 间接跳转目标:  0x00007aeffe3ed299
      ✅ 目标地址 = 寄存器值 (DIRECT)
  ⏱️  时间戳:       18204369808823 ns
  💻 CPU:           10
  🆔 PID:           68364
──────────────────────────────────────────────────────────────────────
