
================================================================================
CFI 事件 #1 - ✓
跳转类型: RET (3)
事件时间: 17513437493796 ns
事件CPU: 12
事件PID: 65849
================================================================================

📋 CFI 条目信息:
  • 源地址(CFI表): 0x0000000000001346
  • 源函数地址: 0x0000000000000000
  • 目标地址(CFI表): 0x0000000000000000
  • 源函数: a01_setup
  • 目标函数: 

🔄 运行时信息:
  • 运行时源偏移: 0x0000000000001346
  • 运行时目标偏移: 0x0000000000000000
  • 预期目标地址: (间接跳转无静态目标)
  • 运行时指令指针(IP/RIP): 0x0000760109bfc346
  • 模块加载基址(module_base): 0x0000760109bfb000

💻 指令信息 (来自CSV):
  • 指令长度: 1 字节
  • 指令内容: ret
  • 指令字节: c3
  • CSV第一个字节: c3
  • 原始第一个字节: 0xcc (注: 0xcc=INT3 是 uprobe 断点机制所致)
  • 原始指令字节: cc cc 0f 1e fa 55 48 89 e5 48 83 ec 10 48 8d 05

  🔧 单字节指令: c3

🎯 【根据 CSV 第一字节计算目标地址】
  • 使用的操作码: 0xc3
  • dst_offset 无效，无法计算返回地址
  🎯 最终计算结果: 未计算

📝 寄存器状态:
  • RAX: 0x0000760109bfc299 (返回值/间接跳转目标)
  • RCX: 0x0000000000000000
  • RDX: 0x0000000000000001
  • RBX: 0x0000000000000000
  • RSP: 0x00007600fb6fe838 (栈指针)
  • RBP: 0x00007600fb6fe850 (帧指针)
  • RSI: 0x0000760109bfd075
  • RDI: 0x000076010a405710
  • 保存的 RAX (trace_rax): 0x0000000000000000
  • 保存的 RAX (trace_rsp): 0x0000760109bfc367

🔍 跳转分析:
  • 返回指令
  • 返回地址: 0x0000760109bfc367
  • 模块范围: [0x0000760109bfb000, 0x000076010abfb000]

✅ 验证结果:
  ✓ 此跳转符合CFI规则

🔐 上下文敏感CFI (train模式, 方法=无(无上下文)):
  • 调用栈哈希(CS): 0xb4ee27112ac9f733
  • 指针起源(Origin): 0x0000000000000000

--------------------------------------------------------------------------------

================================================================================
CFI 事件 #2 - ✗ VIOLATION
跳转类型: INDIRECT_CALL (4)
事件时间: 17513437505655 ns
事件CPU: 12
事件PID: 65849
================================================================================

📋 CFI 条目信息:
  • 源地址(CFI表): 0x000000000000138c
  • 源函数地址: 0x0000000000000000
  • 目标地址(CFI表): 0x0000000000000000
  • 源函数: attack_01
  • 目标函数: 

🔄 运行时信息:
  • 运行时源偏移: 0x000000000000138c
  • 运行时目标偏移: 0x0000000000000000
  • 预期目标地址: (间接跳转无静态目标)
  • 运行时指令指针(IP/RIP): 0x0000760109bfc38c
  • 模块加载基址(module_base): 0x0000760109bfb000

💻 指令信息 (来自CSV):
  • 指令长度: 2 字节
  • 指令内容: call *%rax
  • 指令字节: ff d0
  • CSV第一个字节: ff
  • 原始第一个字节: 0xcc (注: 0xcc=INT3 是 uprobe 断点机制所致)
  • 原始指令字节: cc d0 90 c9 cc cc 0f 1e fa 55 48 89 e5 48 83 ec

  🔧 合成指令 (CSV第一个字节 + 原始字节后1字节):
     指令字节: ff d0
     反汇编结果: call rax
         目标偏移: 0x23
         目标绝对地址: 0x760109bfb023
         ✗ 与CFI预期目标不一致 (预期: 0x0)

🎯 【根据 CSV 第一字节计算目标地址】
  • 使用的操作码: 0xff
  • 间接跳转/调用目标 (rax): 0x0000760109bfc299
  🎯 最终计算结果: ✓ 在模块内

📝 寄存器状态:
  • RAX: 0x0000760109bfc299 (返回值/间接跳转目标)
  • RCX: 0x0000000000000000
  • RDX: 0x0000000000000001
  • RBX: 0x0000000000000000
  • RSP: 0x00007600fb6fe840 (栈指针)
  • RBP: 0x00007600fb6fe850 (帧指针)
  • RSI: 0x0000760109bfd075
  • RDI: 0x000076010a405710
  • 保存的 RAX (trace_rax): 0x0000000000000000
  • 保存的 RAX (trace_rsp): 0x0000000000000000

🔍 跳转分析:
  • 间接跳转指令
  • RAX中的目标: 0x0000760109bfc299
  • CFI预期目标: 0x0000000000000000
    └─ 目标是否在模块内: 是

✅ 验证结果:
  ✗ 此跳转违反CFI规则
  🔴 可能的原因:

🔐 上下文敏感CFI (train模式, 方法=无(无上下文)):
  • 调用栈哈希(CS): 0xb4ee27112ac9f733
  • 指针起源(Origin): 0x0000000000000000
  📝 CS训练: 记录 (hash=0xb4ee27112ac9f733, offset=0x138c) → 0x1299 [集合大小=1]

--------------------------------------------------------------------------------

================================================================================
CFI 事件 #3 - ✓
跳转类型: RET (3)
事件时间: 17513437513402 ns
事件CPU: 12
事件PID: 65849
================================================================================

📋 CFI 条目信息:
  • 源地址(CFI表): 0x00000000000012b2
  • 源函数地址: 0x0000000000000000
  • 目标地址(CFI表): 0x0000000000000000
  • 源函数: legit_a
  • 目标函数: 

🔄 运行时信息:
  • 运行时源偏移: 0x00000000000012b2
  • 运行时目标偏移: 0x0000000000000000
  • 预期目标地址: (间接跳转无静态目标)
  • 运行时指令指针(IP/RIP): 0x0000760109bfc2b2
  • 模块加载基址(module_base): 0x0000760109bfb000

💻 指令信息 (来自CSV):
  • 指令长度: 1 字节
  • 指令内容: ret
  • 指令字节: c3
  • CSV第一个字节: c3
  • 原始第一个字节: 0xcc (注: 0xcc=INT3 是 uprobe 断点机制所致)
  • 原始指令字节: cc cc 0f 1e fa 55 48 89 e5 48 8d 05 4a 0d 00 00

  🔧 单字节指令: c3

🎯 【根据 CSV 第一字节计算目标地址】
  • 使用的操作码: 0xc3
  • dst_offset 无效，无法计算返回地址
  🎯 最终计算结果: 未计算

📝 寄存器状态:
  • RAX: 0x000000000000000c (返回值/间接跳转目标)
  • RCX: 0x0000000000000000
  • RDX: 0x0000000000000001
  • RBX: 0x0000000000000000
  • RSP: 0x00007600fb6fe838 (栈指针)
  • RBP: 0x00007600fb6fe850 (帧指针)
  • RSI: 0x5d415b203e2d2020
  • RDI: 0x000076010a405710
  • 保存的 RAX (trace_rax): 0x0000000000000000
  • 保存的 RAX (trace_rsp): 0x0000760109bfc38e

🔍 跳转分析:
  • 返回指令
  • 返回地址: 0x0000760109bfc38e
  • 模块范围: [0x0000760109bfb000, 0x000076010abfb000]

✅ 验证结果:
  ✓ 此跳转符合CFI规则

🔐 上下文敏感CFI (train模式, 方法=无(无上下文)):
  • 调用栈哈希(CS): 0x2c723d51e5c28e45
  • 指针起源(Origin): 0x0000000000000000

--------------------------------------------------------------------------------

================================================================================
CFI 事件 #4 - ✓
跳转类型: RET (3)
事件时间: 17513437516926 ns
事件CPU: 12
事件PID: 65849
================================================================================

📋 CFI 条目信息:
  • 源地址(CFI表): 0x0000000000001390
  • 源函数地址: 0x0000000000000000
  • 目标地址(CFI表): 0x0000000000000000
  • 源函数: attack_01
  • 目标函数: 

🔄 运行时信息:
  • 运行时源偏移: 0x0000000000001390
  • 运行时目标偏移: 0x0000000000000000
  • 预期目标地址: (间接跳转无静态目标)
  • 运行时指令指针(IP/RIP): 0x0000760109bfc390
  • 模块加载基址(module_base): 0x0000760109bfb000

💻 指令信息 (来自CSV):
  • 指令长度: 1 字节
  • 指令内容: ret
  • 指令字节: c3
  • CSV第一个字节: c3
  • 原始第一个字节: 0xcc (注: 0xcc=INT3 是 uprobe 断点机制所致)
  • 原始指令字节: cc cc 0f 1e fa 55 48 89 e5 48 83 ec 20 64 48 8b

  🔧 单字节指令: c3

🎯 【根据 CSV 第一字节计算目标地址】
  • 使用的操作码: 0xc3
  • dst_offset 无效，无法计算返回地址
  🎯 最终计算结果: 未计算

📝 寄存器状态:
  • RAX: 0x000000000000000c (返回值/间接跳转目标)
  • RCX: 0x0000000000000000
  • RDX: 0x0000000000000001
  • RBX: 0x0000000000000000
  • RSP: 0x00007600fb6fe858 (栈指针)
  • RBP: 0x00007600fb6fe870 (帧指针)
  • RSI: 0x5d415b203e2d2020
  • RDI: 0x000076010a405710
  • 保存的 RAX (trace_rax): 0x0000000000000000
  • 保存的 RAX (trace_rsp): 0x0000760109bfc71e

🔍 跳转分析:
  • 返回指令
  • 返回地址: 0x0000760109bfc71e
  • 模块范围: [0x0000760109bfb000, 0x000076010abfb000]

✅ 验证结果:
  ✓ 此跳转符合CFI规则

🔐 上下文敏感CFI (train模式, 方法=无(无上下文)):
  • 调用栈哈希(CS): 0x2c723d51e5c28e45
  • 指针起源(Origin): 0x0000000000000000

--------------------------------------------------------------------------------

================================================================================
CFI 事件 #5 - ✓
跳转类型: RET (3)
事件时间: 17513437520395 ns
事件CPU: 12
事件PID: 65849
================================================================================

📋 CFI 条目信息:
  • 源地址(CFI表): 0x000000000000177e
  • 源函数地址: 0x0000000000000000
  • 目标地址(CFI表): 0x0000000000000000
  • 源函数: run_safe
  • 目标函数: 

🔄 运行时信息:
  • 运行时源偏移: 0x000000000000177e
  • 运行时目标偏移: 0x0000000000000000
  • 预期目标地址: (间接跳转无静态目标)
  • 运行时指令指针(IP/RIP): 0x0000760109bfc77e
  • 模块加载基址(module_base): 0x0000760109bfb000

💻 指令信息 (来自CSV):
  • 指令长度: 1 字节
  • 指令内容: ret
  • 指令字节: c3
  • CSV第一个字节: c3
  • 原始第一个字节: 0xcc (注: 0xcc=INT3 是 uprobe 断点机制所致)
  • 原始指令字节: cc cc 0f 1e fa 55 48 89 e5 48 83 ec 10 c7 45 fc

  🔧 单字节指令: c3

🎯 【根据 CSV 第一字节计算目标地址】
  • 使用的操作码: 0xc3
  • dst_offset 无效，无法计算返回地址
  🎯 最终计算结果: 未计算

📝 寄存器状态:
  • RAX: 0x000000000000001a (返回值/间接跳转目标)
  • RCX: 0x0000000000000000
  • RDX: 0x0000000000000000
  • RBX: 0x0000000000000000
  • RSP: 0x00007600fb6fe878 (栈指针)
  • RBP: 0x00007600fb6fe880 (帧指针)
  • RSI: 0x000076010a4045c0
  • RDI: 0x00007600fb6fe660
  • 保存的 RAX (trace_rax): 0x0000000000000000
  • 保存的 RAX (trace_rsp): 0x0000760109fd8b16

🔍 跳转分析:
  • 返回指令
  • 返回地址: 0x0000760109fd8b16
  • 模块范围: [0x0000760109bfb000, 0x000076010abfb000]

✅ 验证结果:
  ✓ 此跳转符合CFI规则

🔐 上下文敏感CFI (train模式, 方法=无(无上下文)):
  • 调用栈哈希(CS): 0x2c723d51e5c28e45
  • 指针起源(Origin): 0x0000000000000000

--------------------------------------------------------------------------------

======================================================================
[三层DFI保护] L3 (ptr load)  site_id=15  func=attack_01
======================================================================
  📍 指令偏移:      0x0000000000001388
  📝 寄存器/内存值:  0x0000760109bfc299
  🎯 间接跳转目标:  0x0000760109bfc299
      🔍 **(内存) → 目标地址
  ⏱️  时间戳:       17513437501115 ns
  💻 CPU:           12
  🆔 PID:           65849
──────────────────────────────────────────────────────────────────────

======================================================================
[三层DFI保护] L1 (call/jmp target)  site_id=15  func=attack_01
======================================================================
  📍 指令偏移:      0x000000000000138c
  📝 寄存器/内存值:  0x0000760109bfc299
  🎯 间接跳转目标:  0x0000760109bfc299
      ✅ 目标地址 = 寄存器值 (DIRECT)
  ⏱️  时间戳:       17513437508313 ns
  💻 CPU:           12
  🆔 PID:           65849
──────────────────────────────────────────────────────────────────────
