
================================================================================
CFI 事件 #1 - ✓
跳转类型: RET (3)
事件时间: 19605954626787 ns
事件CPU: 10
事件PID: 73612
================================================================================

📋 CFI 条目信息:
  • 源地址(CFI表): 0x00000000000011aa
  • 源函数地址: 0x0000000000000000
  • 目标地址(CFI表): 0x0000000000000000
  • 源函数: main
  • 目标函数: 

🔄 运行时信息:
  • 运行时源偏移: 0x00000000000011aa
  • 运行时目标偏移: 0x0000000000000000
  • 预期目标地址: (间接跳转无静态目标)
  • 运行时指令指针(IP/RIP): 0x0000781bd90101aa
  • 模块加载基址(module_base): 0x0000781bd900f000

💻 指令信息 (来自CSV):
  • 指令长度: 1 字节
  • 指令内容: ret
  • 指令字节: c3
  • CSV第一个字节: c3
  • 原始第一个字节: 0xcc (注: 0xcc=INT3 是 uprobe 断点机制所致)
  • 原始指令字节: cc 00 cc 0f 1e fa 48 83 ec 08 48 83 c4 08 cc 00

  🔧 单字节指令: c3

🎯 【根据 CSV 第一字节计算目标地址】
  • 使用的操作码: 0xc3
  • dst_offset 无效，无法计算返回地址
  🎯 最终计算结果: 未计算

📝 寄存器状态:
  • RAX: 0x0000000000000000 (返回值/间接跳转目标)
  • RCX: 0x0000000000000001
  • RDX: 0x0000000000000005
  • RBX: 0x0000000000000000
  • RSP: 0x0000781bca8fe898 (栈指针)
  • RBP: 0x0000781bca8fe8a0 (帧指针)
  • RSI: 0x0000000000000000
  • RDI: 0x0000781bca8fec73
  • 保存的 RAX (trace_rax): 0x0000000000000000
  • 保存的 RAX (trace_rsp): 0x0000781bd925eb16

🔍 跳转分析:
  • 返回指令
  • 返回地址: 0x0000781bd925eb16
  • 模块范围: [0x0000781bd900f000, 0x0000781bda00f000]

✅ 验证结果:
  ✓ 此跳转符合CFI规则

🔐 上下文敏感CFI (train模式, 方法=无(无上下文)):
  • 调用栈哈希(CS): 0x0000781bd925eb16
  • 指针起源(Origin): 0x0000000000000000

--------------------------------------------------------------------------------
